// Jest Snapshot v1, https://goo.gl/fbAQLP

exports[`SyntaxHighlighter renders childre unadultered when no language disocvered in highlight auto 1`] = `
<pre
  style={
    Object {
      "backgroundColor": "#fff",
    }
  }
>
  <code
    style={
      Object {
        "whiteSpace": "pre",
      }
    }
  >
    <span
      style={Object {}}
    >
      Contacts* contacts = [[Contacts alloc]init];
    </span>
  </code>
</pre>
`;
